1610PBZII_Toyota_Lubin_serwis_blacharsko_lakierniczy
1610PBZ_Toyota_Lubin_serwis_blacharsko_lakierniczy
1610PW_Toyota_Lubin_serwis_blacharsko_lakierniczy
1713PB_Winkelmann_IV_ZSU
1713PW_Winkelmann_IV_ZSU
1714PB_Lubin_Dobrygowski_Lexus
1717PB_Winkelmann_III_IV_Przebudowa
1727PB_Babin_Silosy
1732PB_Polkowice_dobudowa_biurowca
1732PBZ_Polkowice_dobudowa_biurowca
1732PW_Polkowice_dobudowa_biurowca
1733PB_Lubin_SwPa_strefa_przyg
1801PB_Winkelmann_droga_dojazdowa_do_1706
1807PB_Poznan_Toyota_Lexus
1807PBZ_Poznan_Toyota_Lexus
1807PP_Poznan_Toyota_Lexus
1807PW_Poznan_Toyota_Lexus
1821PW_Winkelmann_I_hala4_umywalnia
1824PB_Winkelmann_I_ogrzewanie_wentylacja
1824PK_Winkelmann_I_ogrzewanie_wentylacja
1824PW_Winkelmann_I_ogrzewanie_wentylacja
1834PB_Poznan_DWA_Krancowa
1838PB_ZimnaWodaZjad
1839PW_Winkelmann_II_biuro_informatykow
1842PB_LEAR_biura_magazynu
1905PW_Winkelmann_I_remonWC
1907PB_Polkowice_SiT_Rozbudowa_Hali
1909PB_Wroclaw_Toyota
1909PW_Wroclaw_Toyota
1909RE_Wroclaw_Toyota
1910OT_WinkelmannI_SprawdzeniePosadzki
1916PB_Prochowice_Derfol_hala
1917PB_Lubon_lakiernia
1917PW_Lubon_lakiernia
1920OT_TurekMesserFundamentPodZbiornik
1921PB_Winkelmann_II_wjazd_portiernia
1921PW_Winkelmann_II_wjazd_portiernia
1924PB_Winkelmann_IV_sluza
1924PW_Winkelmann_IV_sluza
1926PB_Winkelmann_II_akumulatorownia_odciag
1927PB_Legnica_Parafia
1928NI_ProchowiceEWG
1929PB_WinkelmannIII_pomieszczenie_szlifowania
1929PW_WinkelmannIII_pomieszczenie_szlifowania
1999PB_NewWiadomoJakNazwanyPoznan
2001PB_BykowAlucromPrzebudowa
2002OT_LearOpiniaTechnicznaPomost
2003PB_ZielonaG_SwitonPaczkowskiNamiot
2004PB_Swiebodzice_Masterform_rozbudowahaleprodukcyjne
2004PW_Swiebodzice_Masterform_rozbudowahaleprodukcyjne
2005PW_WinkelmannIII_ScianaOddzielajaca
2006PB_WinkelmannI_scianaogniowaprzejscie
2006PW_WinkelmannI_scianaogniowaprzejscie
2007PB_Torun_AudiPlockPopup
2008OT_Winkelmann_I_analizauszkodzenslupa
2013PB_Winkelmann_I_przerobieniejadalninaszatnie
2014PB_Lubin_SwPa_namiot_rozbudowa
2015PB_Dlugoleka_Dobrygowski_wiata
2015PW_Dlugoleka_Dobrygowski_wiata
2016PR_Dauck_rozbiorkaobiektow
2017WZ_Poznan_PIA_kontenery
2018PB_Dlugoleka_Team
2019PB_Lear_wentylacja_akumulatorowni
2020PW_Poznan_TCS_przebudowa_biura
2021PB_Koscielec_budynki_mieszkalne
2022PB_Koscielec_chlodnia_rozbudowa
2022PW_Koscielec_chlodnia_rozbudowa
2023PB_Wilczyce_chlodnia
2024PB_Legnica_Zaklad_produkcji_lodu
2024PW_Legnica_Zaklad_produkcji_lodu
2025PB_Legnica_Myvita_Zaklad_produkcji_suplementow_diety
2025PW_Legnica_Myvita_Zaklad_produkcji_suplementow_diety
2026PB_Koscielec_Hala_magazynowa
2026PW_Koscielec_Hala_magazynowa
2027PB_Koscielec_kontenery_mieszkalne
2028NI_CCC_audyt_ogrzewania
2029PB_Lear_wyciag_lakiernia
2030WZ_Prostynia_hala
2031PK_Winkelmann_kogeneracja
2032PB_Turek_Messer_Rozbudowa
2032PW_Turek_Messer_Rozbudowa
2033PB_WinkelmannIII_wydzielenie_cleanroom
2033PW_WinkelmannIII_wydzielenie_cleanroom
2101PB_Lear_przeniesienie_sprezarkowni
2101PW_Lear_przeniesienie_sprezarkowni
2102PB_Lubin_SwPa_Gabinet
2103PB_Ziemnice_Domek
2104PW_Paszowice_fundamenty
2105OT_Winkelmann_II_III_magazyn_uszkodzenie_slupa
2106PW_Winkelmann_I_przebudowa_drzwi_portierni
2107PW_Winkelmann_I_przeniesienie_stezenia
2108PB_Lubin_Dobrygowski_Lexus
2109PB_Prochowice_Dagmar_Hala_Produkcyjna
