1204PBZ_Galeria_Kielce
1217PK_Mercedes
1237PB_VW_Group_Parking_przy_biurowcu
1301PB_Gates_Rozbudowa
1302PK_VW_przebudowa_komunikacji
1303PB_Porsche_rozbudowa
1304PBZ_Wienerberger
1305PB_VW_Polczynska_zabudowa_szachtu
1306PW_Aminopieliki
1307PW_Gates_Rozbudowa
1308PBZ_Winkelmann_IV
1309PB_TCS_strop
1310PW_Warszawa_Audi_Polczynska_Pylony
1311PK_Apinex_zaklad_produkcyjny
1312PK_Janiszowice_Magazyn_zbozowy
1313PB_Ernestynow_Wiata_przystankowa_przeniesienie
1314PW_Winkelmann_I_Hala_V_wzmocnienie
1315PBZII_Winkelmann_III
1316PB_Grajewski_rozbudowa
1317PB_Dauck_ogrodzenie
1318PB_Winkelmann_Elewacje
1319PB_Dauck_budynek_biurowo_mieszkalny
1320PW_Winkelmann_IV
1321PBZ_Winkelmann_III_IV_wjazd
1322PB_Warszawa_VW_przebudowa_antresoli
1323PW_Warszawa_Porsche_rozbudowa
1324PW_Winkelmann_I_DKJ
1325PB_Dauck_Kontenery
1326PBW_Winkelmann_I_Wiatrolap
1327PW_Winelmann_laboratorium
1328PW_Dauck_budynek_biurowo_mieszkalny
1329PW_Winkelmann_IV_strop_silikonowni
1330IB_Strzegom_Przychodnia
1331PW_Warszawa_Skoda_Pylon
1332PW_Winkelmann_III_V_zamkniecie_przejazdu
1333PK_Lubin
1334PB_Winkelmann_I_rozbudowa_hal_7_8
1335PB_Winkelmann_I_zamnkniecie_Hali_3
1336PW_Winkelmann_I_sciana_ogniowa
1337PB_Warszawa_VW_rozbudowa
1338PW_Winkelmann_III_szatnie
1339PBZII_Winkelmann_I_przebudowa_wjazdu
1340PW_Warszawa_Porsche_Wciagnik
1341PP_Winkelmann_I_przebudowa_ukladu
1342PW_Wroclaw_Kielczowska
1343PB_Poznan_Salon_Audi
1344PB_Poznan_plac_skladowy
1345IB_Winkelmann_I
1346PB_Legnica_Wroclawska_Mieszkanie
1347PB_Turek_Messer
1347PBZ_Turek_Messer
1348PB_Winkelmann_I_rozbudowa_biurowca_1401
1349OT_Warszawa_Inter_Auto
1351PB_Janiszowice_Mroznia
1352PB_Janiszowice_Magazyn_Zbozowy
1353PB_Opole_Mazda
1354PW_Dauck_Wzmocnienie_Wiaty_Garazowej
1355PW_Winkelmann_I_lakiernia
1401PB_Winkelmann_I_biurowiec_przebudowa
1402PB_Winkelmann_III_IV_rozbiorka
1403PW_Turek_Messer
1404PB_Lubin_Skoda
1405PB_Winkelmann_II_rozbudowa
1406PB_Winkelmann_IV_spawalnia
1407IB_Polkowice_VW_laboratorium
1408PB_Kochlice_czesc_biurowa
1409PB_Winkelmann_I_rozbudowa_namiotu
1410PBZ_Gates_Namiot
1411PB_Winkelmann_IV_sciana_ogniowa
1412PW_Winkelmann_II_rozbudowa
1413IB_Winkelmann_III_IV
1414PB_Turek_Messer_Parking
1414PBZ_Turek_Messer_Parking
1415PW_Winkelmann_IV_spawalnia
1416PB_Turek_Messer_110
1416PBZ_Turek_Messer_110
1417PW_Poznan_Salon_Audi
1418PW_Kochlice_czesc_biurowa
1419PB_Poznan_Plac_Manewrowy
1420PB_Poznan_Hala_Namiotowa
1421PP_Poznan_Audi
1422PB_Pietrzykowice_Mercedes_rozbudowa
1422PW_Pietrzykowice_Mercedes_rozbudowa
1423PB_Zielona_Gora_Seat_VW
1423PBZ_Zielona_Gora_Seat_VW
1423PW_Zielona_Gora_Seat_VW
1424PP_Warszawa_VW_rozbudowa
1425PW_Warszawa_VW_rozbudowa
1426PB_Leszno_Reality_Park
1426PBZ_Leszno_Reality_Park
1426PBZII_Leszno_Reality_Park
1426PBZIII_Leszno_Reality_Park
1427PB_Turek_Zbiorniki
1428PB_Poznan_Skoda_Zabudowa_dzialki
1428PW_Poznan_Skoda_Zabudowa_dzialki
1429PB_Leszno_Renault_Przebudowa
1429PBZ_Leszno_Renault_Przebudowa
1429PBZII_Leszno_Reanult_Przebudowa
1429PW_Leszno_Renault_Przebudowa
1430IB_Winkelmann_II
1431PB_Poznan_VW_Krancowa_Myjnia
1432PB_Winkelmann_I_przelozenie_stezenia
1433PB_Winkelmann_I_hala_8_Attyka
1433PW_Winkelmann_I_hala_8_Attyka
1434PB_Dlugoleka_Team_salon_samochodowy
1434PBZ_Dlugoleka_Team_salon_samochodowy
1434PBZII_Dlugoleka_Team_salon_samochodowy
1434PW_Dlugoleka_Team_salon_samochodowy
1435PB_Winkelmann_I_hala_3_sluza
1435PW_Winkelmann_I_hala_3_sluza
1436PB_Polkowice_Estella_namiot
1437PK_Gorzow_Wlkp_Mercedes
1438PW_Winkelmann_I_fundamenty_pod_regaly_hala
1439PB_Lubin_Audi_rozbudowa
1439PW_Lubin_Audi_rozbudowa
1440PBZ_Grajewski_rozbudowa
1441PB_Winkelmann_I_Dzial_zakupow_rozbudowa
1441PW_Winkelmann_I_Dzial_zakupow_rozbudowa
1442PB_Winkelmann_I_biura_utrzymania_ruchu
1442PW_Winkelmann_I_biura_utrzymania_ruchu
1443IB_Poznan_Skoda
1444PB_Poznan_Skoda_Obornicka_Rozbudowa
1444PW_Poznan_Skoda_Obornicka_Rozbudowa
1445PB_Winkelmann_IV_odzysk_ciepla
1446PB_Winkelmann_I_Laboratorium_prob_wodnych
1446PW_Winkelmann_I_Laboratorium_prob_wodnych
1447OT_Polkowice_CCC_analiza_pod_monitoring
1448PK_Polkowice_Hala_przy_CCC
1449NI_Komorniki_CM
1450PB_Turek_Messer_zaklad_Napelniania_Butli
1450PBZ_Turek_Messer_zaklad_Napelniania_Butli
1450PW_Turek_Messer_zaklad_Napelniania_Butli
1451PB_Poznan_VGP_Plac_skladowy
1502_Wrzesnia_Hala08_PB
1504PB_Krakow_Skoda_Rebrending
1505PB_Poznan_Obornicka_DWA
1507PB_Poznan_Porsche_Obornicka_kontenery
1507PBZII_Poznan_Porsche_Obornicka_kontenery
1507WZII_Poznan_Porsche_Obornicka_kontenery
1508PB_Leszno_Leszno_Rebrending
1509PB_Swidnica_DWA
1510PB_Walbrzych_DWA
1511PB_Winkelmann_IV_stolowka
1512PB_Dlugoleka_Vatt_hala_zsu
1513PB_Lubin_Seat_tymczasowy
1514PB_Winkelmann_IV_Rozbudowa_pom_montazu
1514PW_Winkelmann_IV_Rozbudowa_pom_montazu
1515PB_Warszawa_PIA_Audi_Podnosnik
1516NI_Pawlowice_farma_fotowoltaiczna
1517PB_Tarnowiec_dworek
1518PB_Poznan_VW_uzytkowe_aranzacja
1518PK_Poznan_VW_uzytkowe_aranzacja
1519OT_Winkelmann_IV
1520OT_Winkelmann_IV_Ocena_wydajnosci_wentylacji
1521PB_Poznan_VW_Rebrending
1521PP_Poznan_VW_Rebrending
1521PW_Poznan_VW_Rebrending
1522PB_Winkelmann_IV_wiata_na_rowery
1523PK_Swieradow_trasa_narciarska
1524PB_Leszno_Rozbudowa_blacharni_Super_POL
1525PB_Swidnik_Audi_Przebudowa
1526PB_Leszno_Budynek_handlowo_usl
1527PB_Winkelmann_IV_altana_dla_pracownikow
1528PK_Lubin_Dobrygowski_magazyn_opon
1529PB_Lubin_Seat
1530PB_Winkelmann_I_fundamenty_pod_urzadzenia
1531PK_Swieradow_Kompleks_narciarski
1532PB_Winkelmann_III_laboratorium_dygestprium
1534PK_Boleslawiec_Guardian_Socjal
1535NA_Dlugoleka_Infiniti
1535PB_Dlugoleka_Infiniti
1535PBZ_Dlugoleka_Infiniti
1535PW_Dlugoleka_Infiniti
1536PB_Zrodla_Hala_Empol
1536PBZ_Zrodla_Hala_Empol
1536PK_Zrodla_Hala_Empol
1536PW_Zrodla_Hala_Empol
1538PB_Leszno_myjnia
1539PB_Suchy_Las_Reanult_rozbudowa
1540PW_Poznan_TCS_Zwiekszenie_nosnosci_stropu_serwerowni
1541PK_Dlugoleka_Mazda
1542PB_Winkelmann_I_zakupy_przestawienie_sciany_ppoz
1542PBZ_Winkelmann_I_zakupy_przestawienie_sciany_ppoz
1601PB_Zlotoryja_gabinet_stomatologiczny
1602PB_Swieradow_przebudowa_stacji_gornej
1603PB_Dauck_Przebudowa_zjazdu
1604PB_Winkelmann_przejscie_WIII_WIV
1605PB_Poznan_przebudowa_ukladu_komunikacyjnego_legalizacja
1606PB_Winkelmann_IV_przeniesienie_narzedziowni
1606PW_Winkelmann_IV_przeniesienie_narzedziowni
1607PB_Turek_Messer_Parking_Praconiczy
1608PB_Warszawa_PIA_dostosowanie_do_wymogow
1608PW_Warszawa_PIA_dostosowanie_do_wymogow
1609PB_Legnica_Lear_posadowienie_pras300_400
1610PB_Toyota_Lubin_serwis_blacharsko_lakierniczy
1611PW_Wrzesnia_pale
1612PB_Winkelmann_II_laboratorium
1613PK_Dlugoleka_Polmotors
1614PB_Pszenno_Rehabilitacja
1614PBZ_Pszenno_Rehabilitacja
1615PB_Winkelmann_stolowka_przebudowa
1615PW_Winkelmann_stolowka_przebudowa
1616PB_Olesnica_Alucrom
1616PBZ_Olesnica_Alucrom
1616PK_Olesnica_Alucrom
1617PB_Lear_openspace_w_DD
1618PB_Winkelmann_II_plac
1618PBZ_Winkelmann_II_plac
1618PW_Winkelmann_II_plac
1619PB_Lubin_SwPa_Myjnia_plus_serwis_zerowy
1619PBZ_Lubin_SwPa_Myjnia_plus_serwis_zerowy
1619PW_Lubin_SwPa_Myjnia_plus_serwis_zerowy
1620PB_Zielona_Gora_namiot
1621PB_Leszno_Ciesiolka_myjnia_1538
1622PB_Winkelmann_III_akumulatorownia
1622PW_Winkelmann_III_akumulatorownia
1623PB_Winkelmann_II_antresola
1623PW_Winkelmann_II_antresola
1624PB_Bykow_Alucrom
1625PB_Winkelmann_I_parking
1626PB_Haerter_parking_rozbudowa_Legnica
1627PB_Polkowice_CTI_ANCOR_Hala_Produkcyjna
1628PB_Lear_posadowienie_antresoli
1628PW_Lear_posadowienie_antresoli
1629PB_Swieradow_SKI_SUN_wypozyczalnia
1630PB_Winkelmann_IV_instalacje_do_suszarni
1630PW_Winkelmann_IV_instalacje_do_suszarni
1631PB_Leszno_DWA_Audi_Select
1632PB_Winkelmann_I_rozbudowa_budynku_konstruktorow
1632PW_Winkelmann_I_rozbudowa_budynku_konstruktorow
1633PB_Lubin_Seat_rozbudowa
1633PBZ_Lubin_Seat_rozbudowa
1634PB_Swieradow_Hotel
1635PB_Polkowice_antresola
1635PW_Polkowice_antresola
1636PB_Dlugoleka_Toyota_Namiot
1637PW_Polkowice_CCC_antresola
1638PB_Lear_Pomost_techniczny
1638PW_Lear_Pomost_techniczny
1639PB_Krakow_Toyota
1640PB_Jelenia_Gora_ZORKA_II_namiot
1641PB_Jelenia_Gora_ZORKA_II_kontener_aceton
1642PK_Jelenia_Gora_ZORKA_III_zagospodarowanie_dzialek
1643PB_Poznan_Porsche_dostosowanie_do_wymogow
1644PK_Winkelmann_I_przebudowa_szatni
1645PB_Lubin_Sw_Pa_Namioty
1646NA_Winkelmann_III_rozbudowa
1646PB_Winkelmann_III_rozbudowa
1646PB_Winkelmann_III_rozbudowa_ONI
1646PBZ_Winkelmann_III_rozbudowa
1646PW_Winkelmann_III_rozbudowa
1647PW_Janikowo_LINTECH_fundament_manipulatora
1648PB_Lear_Przeniesienie_biura_na_antresole
1648PW_Lear_Przeniesienie_biura_na_antresole
1701PB_Zlotoryja_Schneider_Hala_Namiotowa
1702PB_Modlnica_Toyota_Serwis
1702PBZ_Modlnica_Toyota_Serwis
1702PW_Modlnica_Toyota_Serwis
1703IO_Winkelmann
1704PB_Winkelmann_I_plac_i_namiot_logistyki
1704PBZ_Winkelmann_I_plac_i_namiot_logistyki
1704PBZIII_Winkelmann_I_plac_i_namiot_logistyki
1704PK_Winkelmann_I_koncepcja_rozbudowy
1705PB_Winkelmann_I_rozbudowa_placu
1705PW_Winkelmann_I_rozbudowa_placu
1706NA_Winkelmann_II_III_hala_magazynowa
1706PB_Winkelmann_II_III_hala_magazynowa
1706PBZ_Winkelmann_II_III_hala_magazynowa
1706PW_Winkelmann_II_III_hala_magazynowa
1707PB_Dlugoleka_wjazd
1708PB_Swieradow_SKI_SUN_sanitariaty
1708PW_Swieradow_SKI_SUN_sanitariaty
1709PB_Winkelmann_I_kontenery
1710PW_Wrzesnia_Modernizacja_Hali_BUS
1711NA_Wroclaw_Skoda
1711PB_Wroclaw_Skoda
1711PBZ_Wroclaw_Skoda
1711PBZII_Wroclaw_Skoda
1711PW_Wroclaw_Skoda
1711PWKS_Wroclaw_Skoda
1711WZ_Wroclaw_Skoda
1712PW_Legnica_Kancelaria
1715PW_Infiniti_Gdansk
1716PB_Wroclaw_Audi
1716PBZ_Wroclaw_Audi
1716PW_Wroclaw_Audi
1716WZ_Wroclaw_Audi
1718PB_Lubin_DWA
1719PO_Winkelmann_Projekt_organizacji_ruchu
1720PB_Zieloga_Gora_Seat_VW_rozbudowa
1721PB_Winkelmann_I_I5_biurowiec
1722PK_Winkelmann_I_Zakupy_wentylacja
1723PB_Viessman_Zbiornik
1724NA_Kielce_Alucrom_rozbudowa
1724PB_Kielce_Alucrom_rozbudowa
1724PBZ_Kielce_Alucrom_rozbudowa
1724PW_Kielce_Alucrom_rozbudowa
1725PB_Bykow_Alucrom
1725PW_Bykow_Alucrom
1726PB_Poznan_VGP_Zlobek
1729NI_Koleje_Dolnoslaskie_Hala_nadzor
1730PB_Legnica_HML_Zbiornik_Messer
1731PB_Janow_Lubelski_Alucrom
1734PB_Winkelmann_II_namiot_1618
1735PB_Legnica_HML_zbiornik02_Messer
1736PB_Rybnik_Messer
1737PB_Winkelmann_IV_lutowanie
1738PW_Winkelmann_II_fundament_prasy
1801PB_Winkelmann_droga_dojazdowa_do_1706
1802PK_Vatt_MPZP
1803PB_Poznan_logistyka_VW
1803PW_Poznan_logistyka_VW
1804PB_Winkelmann_IVc_fundamenty_prasa_suwnica
1804PW_Winkelmann_IVc_fundamenty_prasa_suwnica
1805PK_Polkowice_CCC
1806PB_Poznan_PorscheRozbudowa
1806PW_Poznan_PorscheRozbudowa
1808PB_Leszno_Toyota_rozbudowa
1808PBZ_Leszno_Toyota_rozbudowa
1808PW_Leszno_Toyota_rozbudowa
1809PB_Zlotoryja_myjnia
1810PB_Winkelmann_zaplecze_kontenerowe
1810PW_Winkelmann_zaplecze_kontenerowe
1811PB_Jawor_Mercedes
1812PK_Warszawa_Porshe_rozbudowa
1813PB_Swieradow_wyciag_orczykowy
1814IB_Poznan_inwentaryzacja_biurowca_TCS
1815PB_Mirkow_dom_warsztat
1816NI_Polkowice_CCC_nadzor
1817PB_Winkelmann_I_fundament_WZ
1817PW_Winkelmann_I_fundament_WZ
1818PW_Winkelmann_I_przebudowa_biura_IH
1819PB_Winkelmann_I_fundament_LS7_1817
1820PB_Ernestynow_Dauck_hala_magazynowa
1822PW_Jawor_Mercedes_rozklad_blach_VH_RM
1823PB_Poznan_VW_Pompownia
1825PW_Poznan_VWP_posadzka
1826PW_Winkelmann_I_konstrukcja_nad_trawiatorami
1827IB_Winkelmann_Inwentaryzacja
1829OT_WinkelmannIII_OcenaSlupa
1830PB_Winkelmann_I_palarnia
1830PW_Winkelmann_I_palarnia
1831PW_Swieradow_taras
1832IO_Winkelmann_InstrukcjaOdsniezania
1833PB_Kornik_Lakiernia
1835PB_LegnicaPrzychodniaAsnyka
1836PB_PoznanSkodaRozbudowa
1836PP_PoznanSkodaRozbudowa
1836PW_PoznanSkodaRozbudowa
1837PW_Hotel_Nowodworski
1840PB_Winkelmann_III_fundament_wycinarka_laserowa
1840PW_Winkelmann_III_fundament_wycinarka_laserowa
1841PB_Winkelmann_I_DKJ_biuro
1841PW_Winkelmann_I_DKJ_biuro
1901PB_Winkelmann_Automotive_Parking
1902PB_Winkelmann_Parking
1903PB_Olesnica_Szatnie
1904PB_Winkelmann_III_Azot
1904PW_Winkelmann_III_Azot
1906PB_Poznan_VW_przejazd
1906PW_Poznan_VW_przejazd
1908PK_Poznan_VW_Bentley
1911PB_Zlotoryja_Moldrog
1911PW_Zlotoryja_Moldrog
1911PWKS_Zlotoryja_Moldrog
1912PB_Lear_hala_pras_przebudowa
1912PW_Lear_hala_pras_przebudowa
1913PB_Boleslawiec_baza_logistyki
1914PW_Lubin_SwPa_podnosnik
1915PB_Lear_namiot
1918PW_Winkelmann_III_Wymian_agregatu_wody_lodowej_2011_11
1919PB_Olesnica_przelew_awaryjny
1922OT_WinkelmannI_OpiniaTechnicznaTelomat
1923PB_Jelcz_Acana
1925PB_Leszno_Galeria_1526
1930OT_WinkelmannI_AnalizaEstakadyWciagnika
2010PB_Legnica_Partner_zbiornikzywicy
2011PW_WinkelmannIV_fundamentpodregal
2012PW_WinkelmannI_h7_posadzka