1204_Galeria_Kielce_PBZ
1217_Mercedes_PK
1237_VW_Group_Parking_przy_biurowcu_PB
1301_Gates_Rozbudowa_PB
1302_VW_przebudowa_komunikacji_PK
1303_Porsche_rozbudowa_PB
1304_Wienerberger_PBZ
1305_VW_Polczynska_zabudowa_szachtu_PB
1306_Aminopieliki_PW
1307_Gates_Rozbudowa_PW
1308_Winkelmann_IV_PBZ
1309_TCS_strop_PB
1310_Warszawa_Audi_Polczynska_Pylony_PW
1311_Apinex_zaklad_produkcyjny_PK
1312_Janiszowice_Magazyn_zbozowy_PK
1313_Ernestynow_Wiata_przystankowa_przeniesienie_PB
1314_Winkelmann_I_Hala_V_wzmocnienie_PW
1315_Winkelmann_III_PBZII
1316_Grajewski_rozbudowa_PB
1317_Dauck_ogrodzenie_PB
1318_Winkelmann_Elewacje_PB
1319_Dauck_budynek_biurowo_mieszkalny_PB
1320_Winkelmann_IV_PW
1321_Winkelmann_III_IV_wjazd_PBZ
1322_Warszawa_VW_przebudowa_antresoli_PB
1323_Warszawa_Porsche_rozbudowa_PW
1324_Winkelmann_I_DKJ_PW
1325_Dauck_Kontenery_PB
1326_Winkelmann_I_Wiatrolap_PBW
1327_Winelmann_laboratorium_PW
1328_Dauck_budynek_biurowo_mieszkalny_PW
1329_Winkelmann_IV_strop_silikonowni_PW
1330_Strzegom_Przychodnia_IB
1331_Warszawa_Skoda_Pylon_PW
1332_Winkelmann_III_V_zamkniecie_przejazdu_PW
1333_Lubin_PK
1334_Winkelmann_I_rozbudowa_hal_7_8_PB
1335_Winkelmann_I_zamnkniecie_Hali_3_PB
1336_Winkelmann_I_sciana_ogniowa_PW
1337_Warszawa_VW_rozbudowa_PB
1338_Winkelmann_III_szatnie_PW
1339_Winkelmann_I_przebudowa_wjazdu_PBZII
1340_Warszawa_Porsche_Wciagnik_PW
1341_Winkelmann_I_przebudowa_ukladu_PP
1342_Wroclaw_Kielczowska_PW
1343_Poznan_Salon_Audi_PB
1344_Poznan_plac_skladowy_PB
1345_Winkelmann_I_IB
1346_Legnica_Wroclawska_Mieszkanie_PB
1347_Turek_Messer_PB
1347_Turek_Messer_PBZ
1348_Winkelmlann_I_rozbudowa_biurowca_1401_PB
1349_Warszawa_Inter_Auto_OT
1351_Janiszowice_Mroznia_PB
1352_Janiszowice_Magazyn_Zbozowy_PB
1353_Opole_Mazda_PB
1354_Dauck_Wzmocnienie_Wiaty_Garazowej_PW
1355_Winkelmann_I_lakiernia_PW
1401_Winkelmann_I_biurowiec_przebudowa_PB
1402_Winkelmann_III_IV_rozbiorka_PB
1403_Turek_Messer_PW
1404_Lubin_Skoda_PB
1405_Winkelmann_II_rozbudowa_PB
1406_Winkelmann_IV_spawalnia_PB
1407_Polkowice_VW_laboratorium_IB
1408_Kochlice_czesc_biurowa_PB
1409_Winkelmann_I_rozbudowa_namiotu_PB
1410_Gates_Namiot_PBZ
1411_Winkelmann_IV_sciana_ogniowa_PB
1412_Winkelmann_II_rozbudowa_PW
1413_Winkelmann_III_IV_IB
1414_Turek_Messer_Parking_PB
1414_Turek_Messer_Parking_PBZ
1415_Winkelmann_IV_spawalnia_PW
1416_Turek_Messer_110_PB
1416_Turek_Messer_110_PBZ
1417_Poznan_Salon_Audi_PW
1418_Kochlice_czesc_biurowa_PW
1419_Poznan_Plac_Manewrowy_PB
1420_Poznan_Hala_Namiotowa_PB
1421_Poznan_Audi_PP
1422_Pietrzykowice_Mercedes_rozbudowa_PB
1422_Pietrzykowice_Mercedes_rozbudowa_PW
1423_Zielona_Gora_Seat_VW_PB
1423_Zielona_Gora_Seat_VW_PBZ
1423_Zielona_Gora_Seat_VW_PW
1424_Warszawa_VW_rozbudowa_PP
1425_Warszawa_VW_rozbudowa_PW
1426_Leszno_Reality_Park_PB
1426_Leszno_Reality_Park_PBZ
1426_Leszno_Reality_Park_PBZII
1426_Leszno_Reality_Park_PBZIII
1427_Turek_Zbiorniki_PB
1428_Poznan_Skoda_Zabudowa_dzialki_PB
1428_Poznan_Skoda_Zabudowa_dzialki_PW
1429_Leszno_Reanult_Przebudowa_PBZII
1429_Leszno_Renault_Przebudowa_PB
1429_Leszno_Renault_Przebudowa_PBZ
1429_Leszno_Renault_Przebudowa_PW
1430_Winkelmann_II_IB
1431_Poznan_VW_Krancowa_Myjnia_PB
1432_Winkelmann_I_przelozenie_stezenia_PB
1433_Winkelmann_I_hala_8_Attyka_PB
1433_Winkelmann_I_hala_8_Attyka_PW
1434_Dlugoleka_Team_salon_samochodowy_PB
1434_Dlugoleka_Team_salon_samochodowy_PBZ
1434_Dlugoleka_Team_salon_samochodowy_PBZII
1434_Dlugoleka_Team_salon_samochodowy_PW
1435_Winkelmann_I_hala_3_sluza_PB
1435_Winkelmann_I_hala_3_sluza_PW
1436_Polkowice_Estella_namiot_PB
1437_Gorzow_Wlkp_Mercedes_PK
1438_Winkelmann_I_fundamenty_pod_regaly_hala_PW
1439_Lubin_Audi_rozbudowa_PB
1439_Lubin_Audi_rozbudowa_PW
1440_Grajewski_rozbudowa_PBZ
1441_Winkelmann_I_Dzial_zakupow_rozbudowa_PB
1441_Winkelmann_I_Dzial_zakupow_rozbudowa_PW
1442_Winkelmann_I_biura_utrzymania_ruchu_PB
1442_Winkelmann_I_biura_utrzymania_ruchu_PW
1443_Poznan_Skoda_IB
1444_Poznan_Skoda_Obornicka_Rozbudowa_PB
1444_Poznan_Skoda_Obornicka_Rozbudowa_PW
1445_Winkelmann_IV_odzysk_ciepla_PB
1446_Winkelmann_I_Laboratorium_prob_wodnych_PB
1446_Winkelmann_I_Laboratorium_prob_wodnych_PW
1447_Polkowice_CCC_analiza_pod_monitoring_OT
1448_Polkowice_Hala_przy_CCC_PK
1449_Komorniki_CM_NI
1450_Turek_Messer_zaklad_Napelniania_Butli_PB
1450_Turek_Messer_zaklad_Napelniania_Butli_PBZ
1450_Turek_Messer_zaklad_Napelniania_Butli_PW
1451_Poznan_VGP_Plac_skladowy_PB
1502_Wrzesnia_Hala08_PB
1504_Krakow_Skoda_Rebrending_PB
1505_Poznan_Obornicka_DWA_PB
1507PB_Poznan_Porsche_Obornicka_kontenery
1507PBZII_Poznan_Porsche_Obornicka_kontenery
1507WZII_Poznan_Porsche_Obornicka_kontenery
1508_Leszno_Leszno_Rebrending_PB
1509_Swidnica_DWA_PB
1510_Walbrzych_DWA_PB
1511_Winkelmann_IV_stolowka_PB
1512_Dlugoleka_Vatt_hala_zsu_PB
1513_Lubin_Seat_tymczasowy_PB
1514_Winkelmann_IV_Rozbudowa_pom_montazu_PB
1514_Winkelmann_IV_Rozbudowa_pom_montazu_PW
1515_Warszawa_PIA_Audi_Podnosnik_PB
1516_Pawlowice_farma_fotowoltaiczna_NI
1517_Tarnowiec_dworek_PB
1518_Poznan_VW_uzytkowe_aranzacja_PB
1518_Poznan_VW_uzytkowe_aranzacja_PK
1519_Winkelmann_IV_OT
1520_Winkelmann_IV_Ocena_wydajnosci_wentylacji_OT
1521_Poznan_VW_Rebrending_PB
1521_Poznan_VW_Rebrending_PP
1521_Poznan_VW_Rebrending_PW
1522_Winkelmann_IV_wiata_na_rowery_PB
1523PK_Swieradow_trasa_narciarska
1524_Leszno_Rozbudowa_blacharni_Super_POL_PB
1525_Swidnik_Audi_Przebudowa_PB
1526PB_Leszno_Budynek_handlowo_usl
1527_Winkelmann_IV_altana_dla_pracownikow_PB
1528_Lubin_Dobrygowski_magazyn_opon_PK
1529_Lubin_Seat_PB
1530_Winkelmann_I_fundamenty_pod_urzadzenia_PB
1531PK_Swieradow_Kompleks_narciarski
1532_Winkelmann_III_laboratorium_dygestprium_PB
1534_Boleslawiec_Guardian_Socjal_PK
1535_Dlugoleka_Infiniti_NA
1535_Dlugoleka_Infiniti_PB
1535_Dlugoleka_Infiniti_PBZ
1535_Dlugoleka_Infiniti_PW
1536PB_Zrodla_Hala_Empol
1536PBZ_Zrodla_Hala_Empol
1536PW_Zrodla_Hala_Empol
1536_Zrodla_Hala_Empol_PK
1538PB_Leszno_myjnia
1539_Suchy_Las_Reanult_rozbudowa_PB
1540_Poznan_TCS_Zwiększenie_nosnosci_stropu_serwerowni_PW
1541_Dlugoleka_Mazda_PK
1542_Winkelmann_I_zakupy_przestawienie_sciany_ppoz_PB
1542_Winkelmann_I_zakupy_przestawienie_sciany_ppoz_PBZ
1601_Zlotoryja_gabinet_stomatologiczny_PB
1602PB_Swieradow_przebudowa_stacji_gornej
1603PB_Dauck_Przebudowa_zjazdu
1604_Winkelmann_przejście_WIII_WIV_PB
1605_Poznan_przebudowa_ukladu_komunikacyjnego_legalizacja_PB
1606_Winkelmann_IV_przeniesienie_narzedziowni_PB
1606_Winkelmann_IV_przeniesienie_narzedziowni_PW
1607_Turek_Messer_Parking_Praconiczy_PB
1608PW_Warszawa_PIA_dostosowanie_do_wymogow
1608_Warszawa_PIA_dostosowanie_do_wymogow_PB
1609_Lear_posadowienie_pras_300_400_PB
1610PB_Toyota_Lubin_serwis_blacharsko_lakierniczy
1611_Wrzesnia_pale_PW
1612_Winkelmann_II_laboratorium_PB
1613_Dlugoleka_Polmotors_PK
1614PB_Pszenno_Rehabilitacja
1614PBZ_Pszenno_Rehabilitacja
1615_Winkelmann_stolowka_przebudowa_PB
1615_Winkelmann_stolowka_przebudowa_PW
1616PB_Olesnica_Alucrom
1616PBZ_Olesnica_Alucrom
1616PK_Olesnica_Alucrom
1617PB_Lear_openspace_w_DD
1618PB_Winkelmann_II_plac
1618PBZ_Winkelmann_II_plac
1618PW_Winkelmann_II_plac
1619_Lubin_SwPa_Myjnia_plus_serwis_zerowy_PB
1619PBZ_Lubin_SwPa_Myjnia_plus_serwis_zerowy
1619PW_Lubin_SwPa_Myjnia_plus_serwis_zerowy
1620_Zielona_Gora_namiot_PB
1621PB_Leszno_Ciesiolka_myjnia_1538
1622_Winkelmann_III_akumulatorownia_PB
1622_Winkelmann_III_akumulatorownia_PW
1623_Winkelmann_II_antresola_PB
1623_Winkelmann_II_antresola_PW
1624PB_Bykow_Alucrom
1625PB_Winkelmann_I_parking
1626PB_Haerter_parking_rozbudowa_Legnica
1627PB_Polkowice_CTI_ANCOR_Hala_Produkcyjna
1628PB_Lear_posadowienie_antresoli
1628PW_Lear_posadowienie_antresoli
1629PB_Swieradow_SKI_SUN_wypozyczalnia
1630PB_Winkelmann_IV_instalacje_do_suszarni
1630PW_Winkelmann_IV_instalacje_do_suszarni
1631PB_Leszno_DWA_Audi_Select
1632PB_Winkelmann_I_rozbudowa_budynku_konstruktorow
1632PW_Winkelmann_I_rozbudowa_budynku_konstruktorow
1633PB_Lubin_Seat_rozbudowa
1633PBZ_Lubin_Seat_rozbudowa
1634PB_Swieradow_Hotel
1635PB_Polkowice_antresola
1635PW_Polkowice_antresola
1636PB_Dlugoleka_Toyota_Namiot
1637PW_Polkowice_CCC_antresola
1638PB_Lear_Pomost_techniczny
1638PW_Lear_Pomost_techniczny
1639PB_Krakow_Toyota
1640PB_Jelenia_Gora_ZORKA_II_namiot
1641PB_Jelenia_Gora_ZORKA_II_kontener_aceton
1642PK_Jelenia_Gora_ZORKA_III_zagospodarowanie_dzialek
1643PB_Poznan_Porsche_dostosowanie_do_wymogow
1644PK_Winkelmann_I_przebudowa_szatni
1645PB_Lubin_Sw_Pa_Namioty
1646NA_Winkelmann_III_rozbudowa
1646PB_Winkelmann_III_rozbudowa
1646PB_Winkelmann_III_rozbudowa_ONI
1646PBZ_Winkelmann_III_rozbudowa
1646PW_Winkelmann_III_rozbudowa
1647PW_Janikowo_LINTECH_fundament_manipulatora
1648PB_Lear_Przeniesienie_biura_na_antresole
1648PW_Lear_Przeniesienie_biura_na_antresole
1701PB_Zlotoryja_Schneider_Hala_Namiotowa
1702PB_Modlnica_Toyota_Serwis
1702PBZ_Modlnica_Toyota_Serwis
1702PW_Modlnica_Toyota_Serwis
1703_Winkelmann_IO
1704PB_Winkelmann_I_plac_i_namiot_logistyki
1704PBZIII_Winkelmann_I_plac_i_namiot_logistyki
1704PBZ_Winkelmann_I_plac_i_namiot_logistyki
1704PK_Winkelmann_I_koncepcja_rozbudowy
1705PB_Winkelmann_I_rozbudowa_placu
1705PW_Winkelmann_I_rozbudowa_placu
1706NA_Winkelmann_II_III_hala_magazynowa
1706PB_Winkelmann_II_III_hala_magazynowa
1706PBZ_Winkelmann_II_III_hala_magazynowa
1706PW_Winkelmann_II_III_hala_magazynowa
1707PB_Dlugoleka_wjazd
1708PB_Swieradow_SKI_SUN_sanitariaty
1708PW_Swieradow_SKI_SUN_sanitariaty
1709PB_Winkelmann_I_kontenery
1710PW_Wrzesnia_Modernizacja_Hali_BUS
1711NA_Wroclaw_Skoda
1711PB_Wroclaw_Skoda
1711PBZII_Wroclaw_Skoda
1711PBZ_Wroclaw_Skoda
1711PWKS_Wroclaw_Skoda
1711PW_Wroclaw_Skoda
1711WZ_Wroclaw_Skoda
1712PW_Legnica_Kancelaria
1715PW_Infiniti_Gdansk
1716PB_Wroclaw_Audi
1716PBZ_Wroclaw_Audi
1716PW_Wroclaw_Audi
1716WZ_Wroclaw_Audi
1718PB_Lubin_DWA
1719PO_Winkelmann_Projekt_organizacji_ruchu
1720PB_Zieloga_Gora_Seat_VW_rozbudowa
1721PB_Winkelmann_I_I5_biurowiec
1722PK_Winkelmann_I_Zakupy_wentylacja
1723PB_Viessman_Zbiornik
1724NA_Kielce_Alucrom_rozbudowa
1724PB_Kielce_Alucrom_rozbudowa
1724PBZ_Kielce_Alucrom_rozbudowa
1724PW_Kielce_Alucrom_rozbudowa
1725PB_Bykow_Alucrom
1725PW_Bykow_Alucrom
1726PB_Poznan_VGP_Zlobek
1729NI_Koleje_Dolnoslaskie_Hala_nadzor
1730PB_Legnica_HML_Zbiornik_Messer
1731PB_Janow_Lubelski_Alucrom
1734PB_Winkelmann_II_namiot_1618
1735PB_Legnica_HML_zbiornik02_Messer
1736PB_Rybnik_Messer
1737PB_Winkelmann_IV_lutowanie
1738PW_Winkelmann_II_fundament_prasy
1801PB_Winkelmann_droga_dojazdowa_do_1706
1802PK_Vatt_MPZP
1803PB_Poznan_logistyka_VW
1803PW_Poznan_logistyka_VW
1804PB_Winkelmann_IVc_fundamenty_prasa_suwnica
1804PW_Winkelmann_IVc_fundamenty_prasa_suwnica
1805PK_Polkowice_CCC
1806PB_Poznan_PorscheRozbudowa
1806PW_Poznan_PorscheRozbudowa
1808PB_Leszno_Toyota_rozbudowa
1808PBZ_Leszno_Toyota_rozbudowa
1808PW_Leszno_Toyota_rozbudowa
1809PB_Zlotoryja_myjnia
1810PB_Winkelmann_zaplecze_kontenerowe
1810PW_Winkelmann_zaplecze_kontenerowe
1811PB_Jawor_Mercedes
1812PK_Warszawa_Porshe_rozbudowa
1813PB_Swieradow_wyciag_orczykowy
1814IB_Poznan_inwentaryzacja_biurowca_TCS
1815PB_Mirkow_dom_warsztat
1816NI_Polkowice_CCC_nadzor
1817PB_Winkelmann_I_fundament_WZ
1817PW_Winkelmann_I_fundament_WZ
1818PW_Winkelmann_I_przebudowa_biura_IH
1819PB_Winkelmann_I_fundament_LS7_1817
1820PB_Ernestynow_Dauck_hala_magazynowa
1822PW_Jawor_Mercedes_rozklad_blach_VH_RM
1823PB_Poznan_VW_Pompownia
1825PW_Poznan_VWP_posadzka
1826PW_Winkelmann_I_konstrukcja_nad_trawiatorami
1827IB_Winkelmann_Inwentaryzacja
1829OT_WinkelmannIII_OcenaSlupa
1830PB_Winkelmann_I_palarnia
1830PW_Winkelmann_I_palarnia
1831PW_Swieradow_taras
1832IO_Winkelmann_InstrukcjaOdsniezania
1833PB_Kornik_Lakiernia
1835PB_LegnicaPrzychodniaAsnyka
1836PB_PoznanSkodaRozbudowa
1836PP_PoznanSkodaRozbudowa
1836PW_PoznanSkodaRozbudowa
1837PW_Hotel_Nowodworski
1840PB_Winkelmann_III_fundament_wycinarka_laserowa
1840PW_Winkelmann_III_fundament_wycinarka_laserowa
1841PB_Winkelmann_I_DKJ_biuro
1841PW_Winkelmann_I_DKJ_biuro
1901PB_Winkelmann_Automotive_Parking
1902PB_Winkelmann_Parking
1903PB_Olesnica_Szatnie
1904PB_Winkelmann_III_Azot
1904PW_Winkelmann_III_Azot
1906PB_Poznan_VW_przejazd
1906PW_Poznan_VW_przejazd
1908PK_Poznan_VW_Bentley
1911PB_Zlotoryja_Moldrog
1911PWKS_Zlotoryja_Moldrog
1911PW_Zlotoryja_Moldrog
1912PB_Lear_hala_pras_przebudowa
1912PW_Lear_hala_pras_przebudowa
1913PB_Boleslawiec_baza_logistyki
1914PW_Lubin_SwPa_podnosnik
1915PB_Lear_namiot
1918PW_Winkelmann_III_Wymian_agregatu_wody_lodowej_2011_11
1919PB_Olesnica_przelew_awaryjny
1922OT_WinkelmannI_OpiniaTechnicznaTelomat
1923PB_Jelcz_Acana
1925PB_Leszno_Galeria_1526
1930OT_WinkelmannI_AnalizaEstakadyWciagnika
2010PB_Legnica_Partner_zbiornikzywicy
2011PW_WinkelmannIV_fundamentpodregal
2012PW_WinkelmannI_h7_posadzka
Archiwum
